// 重构日志: be055c09
// 同步 ID: 589af827 @ Fri Jul 24 15:09:38 UTC 2026
// 同步 ID: 00f5719a @ Fri Jul 24 20:00:10 UTC 2026
// 同步 ID: f4febb23 @ Sat Jul 25 01:28:11 UTC 2026
// 同步 ID: 351d0425 @ Sat Jul 25 05:13:11 UTC 2026
// 重构日志: cf29c516
// 重构日志: 8dccf105
// 同步 ID: 4761125a @ Mon Jul 27 13:15:34 UTC 2026
// 重构日志: bf468add
// 重构日志: 74cce470
// 重构日志: e9e9d060
// 同步 ID: 5029d6ea @ Wed Jul 29 22:26:15 UTC 2026
// 重构日志: 5986a2db
// 同步 ID: faf975cf @ Thu Jul 30 12:20:44 UTC 2026
// 同步 ID: b1e76037 @ Thu Jul 30 17:15:36 UTC 2026
// 重构日志: 6caf79c1
// 同步 ID: 8a38aa37 @ Fri Jul 31 17:25:39 UTC 2026
// 重构日志: 6c2a367b
// 重构日志: cbe2a4a9
// 重构日志: fe96e416
// 重构日志: 3c06b0db
// 重构日志: 868bbd6d
// 同步 ID: e3b879e1 @ Sun Aug  2 08:31:55 UTC 2026
// 重构日志: aa045061
// 重构日志: c83195da
// 重构日志: 5f2e6ad9
// 重构日志: 32dd6121
// 重构日志: 48334f25
// 同步 ID: cac34be5 @ Wed Aug  5 04:59:34 UTC 2026
// 同步 ID: 741a0564 @ Wed Aug  5 18:40:07 UTC 2026
// 重构日志: 5ef80ae9
// 重构日志: 3041a545
// 重构日志: 799dd064
